// Jest Snapshot v1, https://goo.gl/fbAQLP

exports[`ReviewMap Component matches snapshot 1`] = `
<DocumentFragment>
  <div>
    <div>
      <div>
        TileLayer
      </div>
    </div>
  </div>
</DocumentFragment>
`;
